0000                  .PRAGMA module 
0000 7E        PRINT:   MOV a,M 
0001 B7               ORA a 
0002 CA 0C 00         JZ done 
0005 CD 0D 00         CALL print_char 
0008 23               INX H 
0009 C3 00 00         JMP print 
000C C9        DONE:   RET  
000D                  .EXTERN bios_print 
000D                  .EXTERN not_used 
000D           PRINT_CHAR:    
000D 32 09 00         STA prev_char 
0010 CD 00 00         CALL bios_print 
0013 C9               RET  
0014                  IF 0 
                      MVI a,3 
0014                  ELSE  
0014 3E 04            MVI a,4 
0016                  ENDIF  
0016                  .EXPORT print 
0016                  .EXPORT print_char 
0000                  .DSEG  
0000 41 6E 79 20 64 61 74 61 20 68 65 72 65 00 DUMMY:   .CSTR "Any data here" 
000E 53 74 72 69 6E 67 32 00 .CSTR "String2" 
0016                  .EXPORT dummy 
0000                  .ESEG  
0000 C3 00 00  DUMMY2:   JMP dummy2 
0003                  .EXPORT dummy2 
0000                  .BSSEG  
0000           LAST_CHAR:   DS 1 
0001           BUFF_CHAR:   DS 8 
0009           PREV_CHAR:   DS 1 
000A                  .EXPORT last_char 


PRINT:              0000 DEFINED AT LINE 4
                    > USED AT LINE 9
                    > USED AT LINE 27
DONE:               000C DEFINED AT LINE 10
                    > USED AT LINE 6
PRINT_CHAR:         000D DEFINED AT LINE 15
                    > USED AT LINE 7
                    > USED AT LINE 28
DUMMY:              0000 DEFINED AT LINE 31
                    > USED AT LINE 33
DUMMY2:             0000 DEFINED AT LINE 36
                    > USED AT LINE 36
                    > USED AT LINE 37
LAST_CHAR:          0000 DEFINED AT LINE 40
                    > USED AT LINE 43
BUFF_CHAR:          0001 DEFINED AT LINE 41
PREV_CHAR:          0009 DEFINED AT LINE 42
                    > USED AT LINE 16
